C51 COMPILER V9.56.0.0   APP                                                               11/13/2020 17:52:29 PAGE 1   


C51 COMPILER V9.56.0.0, COMPILATION OF MODULE APP
OBJECT MODULE PLACED IN .\Objects\App.obj
COMPILER INVOKED BY: C:\Keil_v5\C51\BIN\C51.EXE Scr\App.c OPTIMIZE(4,SPEED) BROWSE DEBUG OBJECTEXTEND PRINT(.\Listings\A
                    -pp.lst) OBJECT(.\Objects\App.obj)

line level    source

   1          /*********************************************************************************************************
             -******
   2          Subroutine:                                                                                                                     应用程序
   3          Description:                                                                                                                                                                                                                            
   4          Input:                                                                                                  
   5          Output:                                                                                         
   6          **********************************************************************************************************
             -*****/
   7          #include <SN8F5702.h>
   8          #include "App.h"
   9          #include "InChk.h"
  10          #include "Data.h"
  11          #include "Sub.h"
  12          
  13          //-------------------------------------------------------------
  14          //      app ram define
  15          //-------------------------------------------------------------
  16          bit F_Key_Push;
  17          idata uint8_t R_Sys_Mode;                                                                                                       //系统工作模式
  18          //idata uint8_t RTm_Sys_Slp = LTm_Sys_Slp;                                      //系统进入睡眠定时
  19          idata uint8_t RTm_Sys_Slp;                                                                                              //系统进入睡眠定时
  20          idata uint16_t RTm_Delay_Slp;                                                                                   //MCU延时进入睡眠
  21          bit F_Charge_Ok;                                                                                                                                        //充电OK标志
  22          idata uint8_t RTm_Key;                                                                                                          //短按键计数
  23          bit F_Min;//一分半标志  
  24          idata uint8_t RTm_1S;
  25          idata uint8_t RTm_30S;
  26          idata uint8_t RTm_30S_Cnt;
  27          //=============================================================
  28          //      应用程序
  29          /*
  30          睡眠触发事件：
  31          1、数据应答完成     1.25S后睡眠
  32          2、放电结束         10S+1.25S后睡眠
  33          3、拔掉充电         1.25S后睡眠
  34          4、接收数据错误                 1.25S后睡眠
  35          5、睡眠误唤醒                           1.25S后睡眠
  36          */
  37          //=============================================================
  38          void Mn_App(void)               
  39          {       
  40   1              uint8_t loop,j; 
  41   1              if(F_Key_Push)                                                                                                          
  42   1              {
  43   2                      F_Key_Push = 0;                                                                                                                         //有按键按下
  44   2                      if(R_Sys_Mode == 1)                                                                                                                     
  45   2                      {                                                                                                                                                                                       //进入睡眠
  46   3                              //if(((P0 & 0x07) == 0x05) && (F_UartRx_En == 0) && (F_UartTx_En == 0))                                 
  47   3                              if((I_Chk_DisChg ==0) &&(I_SW1 ==1) &&(I_Chk_Chg ==0) && (F_UartRx_En == 0) && (F_UartTx_En == 0))      
  48   3                              {                                                                                                                                                                               //判断未上锁，充电线拔掉且UART接收和发射完成
  49   4                                      O_Chg_DisChg_En = 0;                                                                                    //开充电                        
  50   4                                      O_Chg_Half_En = 0;                                                                                              //关半速充电                                    
  51   4                                      ADM = 0;                                                                                                                                        //关AD  
  52   4                                      P05 = 0;
C51 COMPILER V9.56.0.0   APP                                                               11/13/2020 17:52:29 PAGE 2   

  53   4                                      REN0=0;                         
  54   4                                      Goto_Sleep:             
  55   4      //                                      Uart_TxM_IN;                                    
  56   4                                      STOP(); 
  57   4                                      REN0=1;                         
  58   4                                      //P05 = 1;
  59   4                                      Delay_5us();                                                                                                                    //延时5us等待电平稳定   
  60   4                                      //Goto_Sleep10:                                                 
  61   4                                      if(I_Uart_Rx)                                                                                                   
  62   4                                      {                                                                                                                                                                       //非通讯口唤醒
  63   5                                              j = ReadIO();
  64   5                                              if(j != 0X00)
  65   5                                              {
  66   6                                                      loop=10;
  67   6                                                      while((j == ReadIO())&&((--loop) != 0));        
  68   6                                                      if(0 != loop)
  69   6                                                      {
  70   7                                                              goto Goto_Sleep;                                                                //干扰唤醒，继续进入睡眠
  71   7                                                      }
  72   6                                                      else//充电口和放电口唤醒
  73   6                                                      {
  74   7                                                              if(O_Output_En)//软件锁打开了
  75   7                                                              {
  76   8                                                                      MINKey();//唤醒IP5189   
  77   8                                                              }                                                               
  78   7                                                      }
  79   6                                              }
  80   5                                              else//抖动开关唤醒
  81   5                                              {
  82   6                                                      if(O_Output_En)//软件锁打开了
  83   6                                                      {
  84   7                                                              MINKey();//唤醒IP5189           
  85   7                                                      }                                                       
  86   6                                              }                                               
  87   5                                      }       
  88   4                                      else//UART唤醒
  89   4                                      {
  90   5      //                                      if(O_Output_En)//软件锁打开了
  91   5      //                                      {
  92   5      //                                              MINKey();//唤醒IP5189   
  93   5      //                                      }                                               
  94   5                                      }       
  95   4                                      ADM = 0x83;                                                                                                                             //ADC enable (ADENB AIN3)
  96   4                              }
  97   3                              R_Sys_Mode = 0; 
  98   3                              RTm_Sys_Slp = LTm_Sys_Slp;                                                                      //重新开始睡眠定时              
  99   3                      }       
 100   2              }
 101   1      }
 102          //*****************************************************************************
 103          // Function                     : ReadIO
 104          // Description          : 
 105          // Input                                        : None
 106          // Output                               : None
 107          // Return                               : None
 108          // Note                                 : None
 109          //*****************************************************************************
 110          uint8_t ReadIO(void)
 111          {
 112   1              idata uint8_t Wake=0;   
 113   1              Wake |= P0&0X80;//  P07
 114   1              Wake |= P1&0X10;//P14
C51 COMPILER V9.56.0.0   APP                                                               11/13/2020 17:52:29 PAGE 3   

 115   1              return Wake;
 116   1      }
 117          //*****************************************************************************
 118          // Function                     : ShortKey
 119          // Description          : 
 120          // Input                                        : None
 121          // Output                               : None
 122          // Return                               : None
 123          // Note                                 : None
 124          //*****************************************************************************
 125          //void ShortKey(void)
 126          //{
 127          //      O_KEY = 0;
 128          //      RTm_Key = LTm_KEY;//200MS
 129          //}
 130          //*****************************************************************************
 131          // Function                     : MINKey
 132          // Description          : 三次按键
 133          // Input                                        : None
 134          // Output                               : None
 135          // Return                               : None
 136          // Note                                 : None
 137          //*****************************************************************************
 138          void MINKey(void)
 139          {
 140   1              if(F_Min !=0)//先关
 141   1              {
 142   2                      F_Min = 0;
 143   2                      RTm_30S_Cnt = 0;
 144   2                      O_KEY = 1;      
 145   2                      RTm_Key = 0;
 146   2                      RTm_30S = 0;
 147   2                      RTm_1S = 0;                     
 148   2              }       
 149   1              O_KEY = 0;
 150   1              RTm_Key = LTm_KEY;//200MS
 151   1              F_Min = 1;
 152   1              RTm_30S = 0;
 153   1              RTm_30S_Cnt = 0;  
 154   1              RTm_1S = 0;     
 155   1      }
 156          void CloseKey(void)
 157          {
 158   1              if(F_Min !=0)
 159   1              {
 160   2                      F_Min = 0;
 161   2                      RTm_30S_Cnt = 0;
 162   2                      O_KEY = 1;      
 163   2                      RTm_Key = 0;
 164   2                      RTm_30S = 0;
 165   2                      RTm_1S = 0;             
 166   2              }
 167   1      }
 168          void MINKey_Intgnd(void)
 169          {
 170   1              if(F_Min == 1)
 171   1              {
 172   2                      RTm_1S++;
 173   2                      if(RTm_1S >=200)
 174   2                      {
 175   3                              RTm_1S = 0;
 176   3                              RTm_30S++;
C51 COMPILER V9.56.0.0   APP                                                               11/13/2020 17:52:29 PAGE 4   

 177   3                              if(RTm_30S>=23)
 178   3                              {
 179   4                                      RTm_30S = 0;
 180   4                                      RTm_30S_Cnt++;
 181   4                                      if(RTm_30S_Cnt >=1)
 182   4                                      {
 183   5                                              RTm_30S_Cnt = 0;
 184   5                                              F_Min = 0;
 185   5                                      }
 186   4                                      else
 187   4                                      {
 188   5                                              O_KEY = 0;
 189   5                                              RTm_Key = LTm_KEY;//200MS                               
 190   5                                      }
 191   4                              }                       
 192   3                      }
 193   2              }
 194   1      }


MODULE INFORMATION:   STATIC OVERLAYABLE
   CODE SIZE        =    236    ----
   CONSTANT SIZE    =   ----    ----
   XDATA SIZE       =   ----    ----
   PDATA SIZE       =   ----    ----
   DATA SIZE        =   ----       2
   IDATA SIZE       =      8       1
   BIT SIZE         =      3    ----
END OF MODULE INFORMATION.


C51 COMPILATION COMPLETE.  0 WARNING(S),  0 ERROR(S)
